// Jest Snapshot v1, https://goo.gl/fbAQLP

exports[`<Card></Card> Renders correctly 1`] = `
<div
  className="card-container elevation"
/>
`;
